PS C:\Users\Raksh\c-activity-sets2\set01> gcc -g .\problem07.c
PS C:\Users\Raksh\c-activity-sets2\set01> gdb a.exe
GNU gdb (GDB) 15.1
Copyright (C) 2024 Free Software Foundation, Inc.
License GPLv3+: GNU GPL version 3 or later <http://gnu.org/licenses/gpl.html>
This is free software: you are free to change and redistribute it.
There is NO WARRANTY, to the extent permitted by law.
Type "show copying" and "show warranty" for details.
This GDB was configured as "x86_64-w64-mingw32".
Type "show configuration" for configuration details.
--Type <RET> for more, q to quit, c to continue without paging--
For bug reporting instructions, please see:
<https://www.gnu.org/software/gdb/bugs/>.
Find the GDB manual and other documentation resources online at:
    <http://www.gnu.org/software/gdb/documentation/>.

For help, type "help".
Type "apropos word" to search for commands related to "word"...
Reading symbols from a.exe...
(gdb) break main
Breakpoint 1 at 0x140001591: file .\problem07.c, line 23.
(gdb) r
Starting program: C:\Users\Raksh\c-activity-sets2\set01\a.exe
[New Thread 26012.0x5054]

Thread 1 hit Breakpoint 1, main () at .\problem07.c:23
23          int n=input_n();
(gdb) n
5
24          int sum=sum_n_nos(n);
(gdb) n
25          output(n,sum);
(gdb) n
Sum of 5 natural numbers is 1526            return 0;
(gdb) s
27      }
(gdb) s
__tmainCRTStartup () at C:/M/B/src/mingw-w64/mingw-w64-crt/crt/crtexe.c:268
warning: 268    C:/M/B/src/mingw-w64/mingw-w64-crt/crt/crtexe.c: No such file or directory
(gdb) exit